# ******************************************************************************

# iCEcube Static Timer

# Version:            2020.12.27943

# Build Date:         Dec  9 2020 17:33:20

# File Generated:     Oct 27 2022 19:29:27

# Purpose:            Timing Report with critical paths info

# Copyright (C) 2006-2010 by Lattice Semiconductor Corp. All rights reserved.

# ******************************************************************************

Device: iCE40UP5K
Derating factors (Best:Typical:Worst) :-  ( 0.491675 : 0.859651 : 1.32445 )
Derating factor used to generate this timing report:  Worst
Based on the following operating conditions 
Junction Temperature(degree Celsius): 85
Core Voltage(V): 1.14
Process Corner:  Worst
NOTE:
Please check both worst-case and best-case scenarios for "Setup Times" 
and "Hold Times" checks
Maximum Operating Frequency is: N/A


 #####################################################################
                    3::Datasheet Report

All values are in Picoseconds
 =====================================================================

                        3.1::Setup Times
                        ----------------

Data Port  Clock Port  Setup Times  Clock Reference:Phase  
---------  ----------  -----------  ---------------------  


                       3.2::Clock to Out
                       -----------------

Data Port  Clock Port  Clock to Out  Clock Reference:Phase  
---------  ----------  ------------  ---------------------  


                         3.3::Pad to Pad
                         ---------------

Port Name (Input)  Port Name (Output)  Pad to Pad  
-----------------  ------------------  ----------  
sw1[1]             LED_B               13078       
sw1[0]             LED_B               12694       
sw2[0]             LED_B               12601       
sw2[1]             LED_B               11382       


                         3.4::Hold Times
                         ---------------

Data Port  Clock Port  Hold Times  Clock Reference:Phase  
---------  ----------  ----------  ---------------------  


               3.5::Minimum Clock to Out
               -------------------------

Data Port  Clock Port  Minimum Clock to Out  Clock Reference:Phase  
---------  ----------  --------------------  ---------------------  


                 3.6::Minimum Pad To Pad
                 -----------------------

Port Name (Input)  Port Name (Output)  Minimum Pad To Pad  
-----------------  ------------------  ------------------  
sw2[1]             LED_B               10828               
sw2[0]             LED_B               12192               
sw1[0]             LED_B               12205               
sw1[1]             LED_B               12616               

 =====================================================================
                    End of Datasheet Report
 #####################################################################

 #####################################################################
                    6::Path Details for DataSheet
 =====================================================================


6.3::PI to PO Path Details              
--------------------------------------------------

6.3.1::Path details for port: LED_B     
--------------------------------------------------

++++ Path 1 ++++++++++++++++++++++++++++++++++++++++++++++++++++++++++

Output Port      : LED_B
Input Port       : sw1[1]
Pad to Pad Delay : 13078

Pad to Pad Path
pin name                             model name                 delay  cummulative delay  edge  Fanout  
-----------------------------------  -------------------------  -----  -----------------  ----  ------  
sw1[1]                               comparator                 0      0                  RISE  1       
sw1_ibuf_1_iopad/PACKAGEPIN:in       IO_PAD                     0      0                  RISE  1       
sw1_ibuf_1_iopad/DOUT                IO_PAD                     590    590                RISE  1       
sw1_ibuf_1_preio/PADIN               PRE_IO_PIN_TYPE_000001     0      590                RISE  1       
sw1_ibuf_1_preio/DIN0                PRE_IO_PIN_TYPE_000001     490    1080               RISE  1       
I__28/I                              Odrv4                      0      1080               RISE  1       
I__28/O                              Odrv4                      596    1676               RISE  1       
I__29/I                              Span4Mux_h                 0      1676               RISE  1       
I__29/O                              Span4Mux_h                 517    2193               RISE  1       
I__30/I                              Span4Mux_h                 0      2193               RISE  1       
I__30/O                              Span4Mux_h                 517    2709               RISE  1       
I__31/I                              LocalMux                   0      2709               RISE  1       
I__31/O                              LocalMux                   1099   3808               RISE  1       
I__32/I                              InMux                      0      3808               RISE  1       
I__32/O                              InMux                      662    4471               RISE  1       
pin_out_driver_RNO_LC_13_30_5/in0    LogicCell40_SEQ_MODE_0000  0      4471               RISE  1       
pin_out_driver_RNO_LC_13_30_5/lcout  LogicCell40_SEQ_MODE_0000  1245   5716               RISE  1       
I__12/I                              Odrv12                     0      5716               RISE  1       
I__12/O                              Odrv12                     1073   6788               RISE  1       
I__13/I                              Span12Mux_s0_v             0      6788               RISE  1       
I__13/O                              Span12Mux_s0_v             199    6987               RISE  1       
I__14/I                              LocalMux                   0      6987               RISE  1       
I__14/O                              LocalMux                   1099   8086               RISE  1       
I__15/I                              IoInMux                    0      8086               RISE  1       
I__15/O                              IoInMux                    662    8749               RISE  1       
pin_out_driver/DOUT0                 SB_IO_OD_PIN_TYPE_011001   0      8749               RISE  1       
pin_out_driver/PACKAGEPIN:out        SB_IO_OD_PIN_TYPE_011001   4329   13078              RISE  1       
LED_B                                comparator                 0      13078              RISE  1       

++++ Path 2 ++++++++++++++++++++++++++++++++++++++++++++++++++++++++++

Output Port      : LED_B
Input Port       : sw1[0]
Pad to Pad Delay : 12694

Pad to Pad Path
pin name                             model name                 delay  cummulative delay  edge  Fanout  
-----------------------------------  -------------------------  -----  -----------------  ----  ------  
sw1[0]                               comparator                 0      0                  RISE  1       
sw1_ibuf_0_iopad/PACKAGEPIN:in       IO_PAD                     0      0                  RISE  1       
sw1_ibuf_0_iopad/DOUT                IO_PAD                     590    590                RISE  1       
sw1_ibuf_0_preio/PADIN               PRE_IO_PIN_TYPE_000001     0      590                RISE  1       
sw1_ibuf_0_preio/DIN0                PRE_IO_PIN_TYPE_000001     490    1080               RISE  1       
I__16/I                              Odrv4                      0      1080               RISE  1       
I__16/O                              Odrv4                      596    1676               RISE  1       
I__17/I                              Span4Mux_h                 0      1676               RISE  1       
I__17/O                              Span4Mux_h                 517    2193               RISE  1       
I__18/I                              Span4Mux_h                 0      2193               RISE  1       
I__18/O                              Span4Mux_h                 517    2709               RISE  1       
I__19/I                              LocalMux                   0      2709               RISE  1       
I__19/O                              LocalMux                   1099   3808               RISE  1       
I__20/I                              InMux                      0      3808               RISE  1       
I__20/O                              InMux                      662    4471               RISE  1       
pin_out_driver_RNO_LC_13_30_5/in3    LogicCell40_SEQ_MODE_0000  0      4471               RISE  1       
pin_out_driver_RNO_LC_13_30_5/lcout  LogicCell40_SEQ_MODE_0000  861    5332               RISE  1       
I__12/I                              Odrv12                     0      5332               RISE  1       
I__12/O                              Odrv12                     1073   6404               RISE  1       
I__13/I                              Span12Mux_s0_v             0      6404               RISE  1       
I__13/O                              Span12Mux_s0_v             199    6603               RISE  1       
I__14/I                              LocalMux                   0      6603               RISE  1       
I__14/O                              LocalMux                   1099   7702               RISE  1       
I__15/I                              IoInMux                    0      7702               RISE  1       
I__15/O                              IoInMux                    662    8365               RISE  1       
pin_out_driver/DOUT0                 SB_IO_OD_PIN_TYPE_011001   0      8365               RISE  1       
pin_out_driver/PACKAGEPIN:out        SB_IO_OD_PIN_TYPE_011001   4329   12694              RISE  1       
LED_B                                comparator                 0      12694              RISE  1       

++++ Path 3 ++++++++++++++++++++++++++++++++++++++++++++++++++++++++++

Output Port      : LED_B
Input Port       : sw2[0]
Pad to Pad Delay : 12601

Pad to Pad Path
pin name                             model name                 delay  cummulative delay  edge  Fanout  
-----------------------------------  -------------------------  -----  -----------------  ----  ------  
sw2[0]                               comparator                 0      0                  RISE  1       
sw2_ibuf_0_iopad/PACKAGEPIN:in       IO_PAD                     0      0                  RISE  1       
sw2_ibuf_0_iopad/DOUT                IO_PAD                     590    590                RISE  1       
sw2_ibuf_0_preio/PADIN               PRE_IO_PIN_TYPE_000001     0      590                RISE  1       
sw2_ibuf_0_preio/DIN0                PRE_IO_PIN_TYPE_000001     490    1080               RISE  1       
I__21/I                              Odrv4                      0      1080               RISE  1       
I__21/O                              Odrv4                      596    1676               RISE  1       
I__22/I                              IoSpan4Mux                 0      1676               RISE  1       
I__22/O                              IoSpan4Mux                 622    2299               RISE  1       
I__23/I                              LocalMux                   0      2299               RISE  1       
I__23/O                              LocalMux                   1099   3398               RISE  1       
I__24/I                              InMux                      0      3398               RISE  1       
I__24/O                              InMux                      662    4060               RISE  1       
I__25/I                              CascadeMux                 0      4060               RISE  1       
I__25/O                              CascadeMux                 0      4060               RISE  1       
pin_out_driver_RNO_LC_13_30_5/in2    LogicCell40_SEQ_MODE_0000  0      4060               RISE  1       
pin_out_driver_RNO_LC_13_30_5/lcout  LogicCell40_SEQ_MODE_0000  1179   5239               RISE  1       
I__12/I                              Odrv12                     0      5239               RISE  1       
I__12/O                              Odrv12                     1073   6312               RISE  1       
I__13/I                              Span12Mux_s0_v             0      6312               RISE  1       
I__13/O                              Span12Mux_s0_v             199    6510               RISE  1       
I__14/I                              LocalMux                   0      6510               RISE  1       
I__14/O                              LocalMux                   1099   7610               RISE  1       
I__15/I                              IoInMux                    0      7610               RISE  1       
I__15/O                              IoInMux                    662    8272               RISE  1       
pin_out_driver/DOUT0                 SB_IO_OD_PIN_TYPE_011001   0      8272               RISE  1       
pin_out_driver/PACKAGEPIN:out        SB_IO_OD_PIN_TYPE_011001   4329   12601              RISE  1       
LED_B                                comparator                 0      12601              RISE  1       

++++ Path 4 ++++++++++++++++++++++++++++++++++++++++++++++++++++++++++

Output Port      : LED_B
Input Port       : sw2[1]
Pad to Pad Delay : 11382

Pad to Pad Path
pin name                             model name                 delay  cummulative delay  edge  Fanout  
-----------------------------------  -------------------------  -----  -----------------  ----  ------  
sw2[1]                               comparator                 0      0                  RISE  1       
sw2_ibuf_1_iopad/PACKAGEPIN:in       IO_PAD                     0      0                  RISE  1       
sw2_ibuf_1_iopad/DOUT                IO_PAD                     590    590                RISE  1       
sw2_ibuf_1_preio/PADIN               PRE_IO_PIN_TYPE_000001     0      590                RISE  1       
sw2_ibuf_1_preio/DIN0                PRE_IO_PIN_TYPE_000001     490    1080               RISE  1       
I__26/I                              LocalMux                   0      1080               RISE  1       
I__26/O                              LocalMux                   1099   2179               RISE  1       
I__27/I                              InMux                      0      2179               RISE  1       
I__27/O                              InMux                      662    2842               RISE  1       
pin_out_driver_RNO_LC_13_30_5/in1    LogicCell40_SEQ_MODE_0000  0      2842               RISE  1       
pin_out_driver_RNO_LC_13_30_5/lcout  LogicCell40_SEQ_MODE_0000  1179   4020               RISE  1       
I__12/I                              Odrv12                     0      4020               RISE  1       
I__12/O                              Odrv12                     1073   5093               RISE  1       
I__13/I                              Span12Mux_s0_v             0      5093               RISE  1       
I__13/O                              Span12Mux_s0_v             199    5292               RISE  1       
I__14/I                              LocalMux                   0      5292               RISE  1       
I__14/O                              LocalMux                   1099   6391               RISE  1       
I__15/I                              IoInMux                    0      6391               RISE  1       
I__15/O                              IoInMux                    662    7053               RISE  1       
pin_out_driver/DOUT0                 SB_IO_OD_PIN_TYPE_011001   0      7053               RISE  1       
pin_out_driver/PACKAGEPIN:out        SB_IO_OD_PIN_TYPE_011001   4329   11382              RISE  1       
LED_B                                comparator                 0      11382              RISE  1       

6.6::Min PI to PO Path Details          
--------------------------------------------------

6.6.1::Path details for port: LED_B     
--------------------------------------------------

++++ Path 1 ++++++++++++++++++++++++++++++++++++++++++++++++++++++++++

Output Port      : LED_B
Input Port       : sw2[1]
Pad to Pad Delay : 10828

Pad to Pad Path
pin name                             model name                 delay  cummulative delay  edge  Fanout  
-----------------------------------  -------------------------  -----  -----------------  ----  ------  
sw2[1]                               comparator                 0      0                  FALL  1       
sw2_ibuf_1_iopad/PACKAGEPIN:in       IO_PAD                     0      0                  FALL  1       
sw2_ibuf_1_iopad/DOUT                IO_PAD                     540    540                FALL  1       
sw2_ibuf_1_preio/PADIN               PRE_IO_PIN_TYPE_000001     0      540                FALL  1       
sw2_ibuf_1_preio/DIN0                PRE_IO_PIN_TYPE_000001     490    1030               FALL  1       
I__26/I                              LocalMux                   0      1030               FALL  1       
I__26/O                              LocalMux                   768    1798               FALL  1       
I__27/I                              InMux                      0      1798               FALL  1       
I__27/O                              InMux                      503    2302               FALL  1       
pin_out_driver_RNO_LC_13_30_5/in1    LogicCell40_SEQ_MODE_0000  0      2302               FALL  1       
pin_out_driver_RNO_LC_13_30_5/lcout  LogicCell40_SEQ_MODE_0000  1232   3533               FALL  1       
I__12/I                              Odrv12                     0      3533               FALL  1       
I__12/O                              Odrv12                     1232   4765               FALL  1       
I__13/I                              Span12Mux_s0_v             0      4765               FALL  1       
I__13/O                              Span12Mux_s0_v             199    4964               FALL  1       
I__14/I                              LocalMux                   0      4964               FALL  1       
I__14/O                              LocalMux                   768    5732               FALL  1       
I__15/I                              IoInMux                    0      5732               FALL  1       
I__15/O                              IoInMux                    503    6235               FALL  1       
pin_out_driver/DOUT0                 SB_IO_OD_PIN_TYPE_011001   0      6235               FALL  1       
pin_out_driver/PACKAGEPIN:out        SB_IO_OD_PIN_TYPE_011001   4593   10828              FALL  1       
LED_B                                comparator                 0      10828              FALL  1       

++++ Path 2 ++++++++++++++++++++++++++++++++++++++++++++++++++++++++++

Output Port      : LED_B
Input Port       : sw2[0]
Pad to Pad Delay : 12192

Pad to Pad Path
pin name                             model name                 delay  cummulative delay  edge  Fanout  
-----------------------------------  -------------------------  -----  -----------------  ----  ------  
sw2[0]                               comparator                 0      0                  FALL  1       
sw2_ibuf_0_iopad/PACKAGEPIN:in       IO_PAD                     0      0                  FALL  1       
sw2_ibuf_0_iopad/DOUT                IO_PAD                     540    540                FALL  1       
sw2_ibuf_0_preio/PADIN               PRE_IO_PIN_TYPE_000001     0      540                FALL  1       
sw2_ibuf_0_preio/DIN0                PRE_IO_PIN_TYPE_000001     490    1030               FALL  1       
I__21/I                              Odrv4                      0      1030               FALL  1       
I__21/O                              Odrv4                      649    1679               FALL  1       
I__22/I                              IoSpan4Mux                 0      1679               FALL  1       
I__22/O                              IoSpan4Mux                 742    2421               FALL  1       
I__23/I                              LocalMux                   0      2421               FALL  1       
I__23/O                              LocalMux                   768    3189               FALL  1       
I__24/I                              InMux                      0      3189               FALL  1       
I__24/O                              InMux                      503    3692               FALL  1       
I__25/I                              CascadeMux                 0      3692               FALL  1       
I__25/O                              CascadeMux                 0      3692               FALL  1       
pin_out_driver_RNO_LC_13_30_5/in2    LogicCell40_SEQ_MODE_0000  0      3692               FALL  1       
pin_out_driver_RNO_LC_13_30_5/lcout  LogicCell40_SEQ_MODE_0000  1205   4897               FALL  1       
I__12/I                              Odrv12                     0      4897               FALL  1       
I__12/O                              Odrv12                     1232   6129               FALL  1       
I__13/I                              Span12Mux_s0_v             0      6129               FALL  1       
I__13/O                              Span12Mux_s0_v             199    6328               FALL  1       
I__14/I                              LocalMux                   0      6328               FALL  1       
I__14/O                              LocalMux                   768    7096               FALL  1       
I__15/I                              IoInMux                    0      7096               FALL  1       
I__15/O                              IoInMux                    503    7599               FALL  1       
pin_out_driver/DOUT0                 SB_IO_OD_PIN_TYPE_011001   0      7599               FALL  1       
pin_out_driver/PACKAGEPIN:out        SB_IO_OD_PIN_TYPE_011001   4593   12192              FALL  1       
LED_B                                comparator                 0      12192              FALL  1       

++++ Path 3 ++++++++++++++++++++++++++++++++++++++++++++++++++++++++++

Output Port      : LED_B
Input Port       : sw1[0]
Pad to Pad Delay : 12205

Pad to Pad Path
pin name                             model name                 delay  cummulative delay  edge  Fanout  
-----------------------------------  -------------------------  -----  -----------------  ----  ------  
sw1[0]                               comparator                 0      0                  FALL  1       
sw1_ibuf_0_iopad/PACKAGEPIN:in       IO_PAD                     0      0                  FALL  1       
sw1_ibuf_0_iopad/DOUT                IO_PAD                     540    540                FALL  1       
sw1_ibuf_0_preio/PADIN               PRE_IO_PIN_TYPE_000001     0      540                FALL  1       
sw1_ibuf_0_preio/DIN0                PRE_IO_PIN_TYPE_000001     490    1030               FALL  1       
I__16/I                              Odrv4                      0      1030               FALL  1       
I__16/O                              Odrv4                      649    1679               FALL  1       
I__17/I                              Span4Mux_h                 0      1679               FALL  1       
I__17/O                              Span4Mux_h                 543    2222               FALL  1       
I__18/I                              Span4Mux_h                 0      2222               FALL  1       
I__18/O                              Span4Mux_h                 543    2765               FALL  1       
I__19/I                              LocalMux                   0      2765               FALL  1       
I__19/O                              LocalMux                   768    3533               FALL  1       
I__20/I                              InMux                      0      3533               FALL  1       
I__20/O                              InMux                      503    4037               FALL  1       
pin_out_driver_RNO_LC_13_30_5/in3    LogicCell40_SEQ_MODE_0000  0      4037               FALL  1       
pin_out_driver_RNO_LC_13_30_5/lcout  LogicCell40_SEQ_MODE_0000  874    4911               FALL  1       
I__12/I                              Odrv12                     0      4911               FALL  1       
I__12/O                              Odrv12                     1232   6142               FALL  1       
I__13/I                              Span12Mux_s0_v             0      6142               FALL  1       
I__13/O                              Span12Mux_s0_v             199    6341               FALL  1       
I__14/I                              LocalMux                   0      6341               FALL  1       
I__14/O                              LocalMux                   768    7109               FALL  1       
I__15/I                              IoInMux                    0      7109               FALL  1       
I__15/O                              IoInMux                    503    7613               FALL  1       
pin_out_driver/DOUT0                 SB_IO_OD_PIN_TYPE_011001   0      7613               FALL  1       
pin_out_driver/PACKAGEPIN:out        SB_IO_OD_PIN_TYPE_011001   4593   12205              FALL  1       
LED_B                                comparator                 0      12205              FALL  1       

++++ Path 4 ++++++++++++++++++++++++++++++++++++++++++++++++++++++++++

Output Port      : LED_B
Input Port       : sw1[1]
Pad to Pad Delay : 12616

Pad to Pad Path
pin name                             model name                 delay  cummulative delay  edge  Fanout  
-----------------------------------  -------------------------  -----  -----------------  ----  ------  
sw1[1]                               comparator                 0      0                  FALL  1       
sw1_ibuf_1_iopad/PACKAGEPIN:in       IO_PAD                     0      0                  FALL  1       
sw1_ibuf_1_iopad/DOUT                IO_PAD                     540    540                FALL  1       
sw1_ibuf_1_preio/PADIN               PRE_IO_PIN_TYPE_000001     0      540                FALL  1       
sw1_ibuf_1_preio/DIN0                PRE_IO_PIN_TYPE_000001     490    1030               FALL  1       
I__28/I                              Odrv4                      0      1030               FALL  1       
I__28/O                              Odrv4                      649    1679               FALL  1       
I__29/I                              Span4Mux_h                 0      1679               FALL  1       
I__29/O                              Span4Mux_h                 543    2222               FALL  1       
I__30/I                              Span4Mux_h                 0      2222               FALL  1       
I__30/O                              Span4Mux_h                 543    2765               FALL  1       
I__31/I                              LocalMux                   0      2765               FALL  1       
I__31/O                              LocalMux                   768    3533               FALL  1       
I__32/I                              InMux                      0      3533               FALL  1       
I__32/O                              InMux                      503    4037               FALL  1       
pin_out_driver_RNO_LC_13_30_5/in0    LogicCell40_SEQ_MODE_0000  0      4037               FALL  1       
pin_out_driver_RNO_LC_13_30_5/lcout  LogicCell40_SEQ_MODE_0000  1285   5321               FALL  1       
I__12/I                              Odrv12                     0      5321               FALL  1       
I__12/O                              Odrv12                     1232   6553               FALL  1       
I__13/I                              Span12Mux_s0_v             0      6553               FALL  1       
I__13/O                              Span12Mux_s0_v             199    6752               FALL  1       
I__14/I                              LocalMux                   0      6752               FALL  1       
I__14/O                              LocalMux                   768    7520               FALL  1       
I__15/I                              IoInMux                    0      7520               FALL  1       
I__15/O                              IoInMux                    503    8023               FALL  1       
pin_out_driver/DOUT0                 SB_IO_OD_PIN_TYPE_011001   0      8023               FALL  1       
pin_out_driver/PACKAGEPIN:out        SB_IO_OD_PIN_TYPE_011001   4593   12616              FALL  1       
LED_B                                comparator                 0      12616              FALL  1       


 =====================================================================
                    End of Path Details for Datasheet
 #####################################################################

##################################################################### 
                    Detailed Setup Report for all timing paths 
===================================================================== 

++++ Path 1 ++++++++++++++++++++++++++++++++++++++++++++++++++++++++++ 

Path Begin       : sw2[1]
Path End         : LED_B
Setup Constraint : +INF
Path slack       : +INF

End-of-path required time (ps)           +INF

Launch Clock Arrival Time (DEFAULT:R#0)       0
+ Launch Clock Source Latency                 0
+ Input Delay                                 0
+ Data Path Delay                         10878
---------------------------------------   ----- 
End-of-path arrival time (ps)             10878
 
Data path
pin name                             model name                 delay  cumulative delay  slack  edge  Fanout
-----------------------------------  -------------------------  -----  ----------------  -----  ----  ------
sw2[1]                               comparator                     0                 0   +INF  RISE       1
sw2_ibuf_1_iopad/PACKAGEPIN:in       IO_PAD                         0                 0   +INF  RISE       1
sw2_ibuf_1_iopad/DOUT                IO_PAD                       590               590   +INF  RISE       1
sw2_ibuf_1_preio/PADIN               PRE_IO_PIN_TYPE_000001         0               590   +INF  RISE       1
sw2_ibuf_1_preio/DIN0                PRE_IO_PIN_TYPE_000001       490              1080   +INF  FALL       1
I__26/I                              LocalMux                       0              1080   +INF  FALL       1
I__26/O                              LocalMux                     768              1848   +INF  FALL       1
I__27/I                              InMux                          0              1848   +INF  FALL       1
I__27/O                              InMux                        503              2352   +INF  FALL       1
pin_out_driver_RNO_LC_13_30_5/in1    LogicCell40_SEQ_MODE_0000      0              2352   +INF  FALL       1
pin_out_driver_RNO_LC_13_30_5/lcout  LogicCell40_SEQ_MODE_0000   1232              3583   +INF  FALL       1
I__12/I                              Odrv12                         0              3583   +INF  FALL       1
I__12/O                              Odrv12                      1232              4815   +INF  FALL       1
I__13/I                              Span12Mux_s0_v                 0              4815   +INF  FALL       1
I__13/O                              Span12Mux_s0_v               199              5014   +INF  FALL       1
I__14/I                              LocalMux                       0              5014   +INF  FALL       1
I__14/O                              LocalMux                     768              5782   +INF  FALL       1
I__15/I                              IoInMux                        0              5782   +INF  FALL       1
I__15/O                              IoInMux                      503              6285   +INF  FALL       1
pin_out_driver/DOUT0                 SB_IO_OD_PIN_TYPE_011001       0              6285   +INF  FALL       1
pin_out_driver/PACKAGEPIN:out        SB_IO_OD_PIN_TYPE_011001    4593             10878   +INF  FALL       1
LED_B                                comparator                     0             10878   +INF  FALL       1

===================================================================== 
                    End of Detailed Setup Report for all timing paths 
##################################################################### 

##################################################################### 
                    Detailed Hold Report for all timing paths 
===================================================================== 

++++ Path 1 ++++++++++++++++++++++++++++++++++++++++++++++++++++++++++ 

Path Begin       : sw2[1]
Path End         : LED_B
Hold Constraint  : -INF
Path slack       : +INF

End-of-path required time (ps)           +INF

Launch Clock Arrival Time (DEFAULT:R#0)       0
+ Launch Clock Source Latency                 0
+ Input Delay                                 0
+ Data Path Delay                         10878
---------------------------------------   ----- 
End-of-path arrival time (ps)             10878
 
Data path
pin name                             model name                 delay  cumulative delay  slack  edge  Fanout
-----------------------------------  -------------------------  -----  ----------------  -----  ----  ------
sw2[1]                               comparator                     0                 0   +INF  RISE       1
sw2_ibuf_1_iopad/PACKAGEPIN:in       IO_PAD                         0                 0   +INF  RISE       1
sw2_ibuf_1_iopad/DOUT                IO_PAD                       590               590   +INF  RISE       1
sw2_ibuf_1_preio/PADIN               PRE_IO_PIN_TYPE_000001         0               590   +INF  RISE       1
sw2_ibuf_1_preio/DIN0                PRE_IO_PIN_TYPE_000001       490              1080   +INF  FALL       1
I__26/I                              LocalMux                       0              1080   +INF  FALL       1
I__26/O                              LocalMux                     768              1848   +INF  FALL       1
I__27/I                              InMux                          0              1848   +INF  FALL       1
I__27/O                              InMux                        503              2352   +INF  FALL       1
pin_out_driver_RNO_LC_13_30_5/in1    LogicCell40_SEQ_MODE_0000      0              2352   +INF  FALL       1
pin_out_driver_RNO_LC_13_30_5/lcout  LogicCell40_SEQ_MODE_0000   1232              3583   +INF  FALL       1
I__12/I                              Odrv12                         0              3583   +INF  FALL       1
I__12/O                              Odrv12                      1232              4815   +INF  FALL       1
I__13/I                              Span12Mux_s0_v                 0              4815   +INF  FALL       1
I__13/O                              Span12Mux_s0_v               199              5014   +INF  FALL       1
I__14/I                              LocalMux                       0              5014   +INF  FALL       1
I__14/O                              LocalMux                     768              5782   +INF  FALL       1
I__15/I                              IoInMux                        0              5782   +INF  FALL       1
I__15/O                              IoInMux                      503              6285   +INF  FALL       1
pin_out_driver/DOUT0                 SB_IO_OD_PIN_TYPE_011001       0              6285   +INF  FALL       1
pin_out_driver/PACKAGEPIN:out        SB_IO_OD_PIN_TYPE_011001    4593             10878   +INF  FALL       1
LED_B                                comparator                     0             10878   +INF  FALL       1

===================================================================== 
                    End of Detailed Hold Report for all timing paths 
##################################################################### 

##################################################################### 
                    End of Timing Report 
##################################################################### 

